CM7/Core/Src/fdcan.c:33:6:MX_FDCAN1_Init	48	static
CM7/Core/Src/fdcan.c:125:6:MX_FDCAN2_Init	8	static
CM7/Core/Src/fdcan.c:175:6:HAL_FDCAN_MspInit	56	static
CM7/Core/Src/fdcan.c:253:6:HAL_FDCAN_MspDeInit	8	static
CM7/Core/Src/fdcan.c:332:6:CAN_Dispatcher	24	static
CM7/Core/Src/fdcan.c:626:6:CanRecv	120	static
CM7/Core/Src/fdcan.c:651:6:CAN_GetDriverInputAndVehicleControl	16	static
CM7/Core/Src/fdcan.c:658:6:CAN_GetDriverInputAndVehicleControl2	8	static
CM7/Core/Src/fdcan.c:665:6:CAN_GetPowertrainStatusAndReadiness	16	static
CM7/Core/Src/fdcan.c:672:6:CAN_GetElectricalSystemPowerAndEnergy	8	static
CM7/Core/Src/fdcan.c:679:6:CAN_GetElectricalSystemLvandsoc2	8	static
CM7/Core/Src/fdcan.c:686:6:CAN_GetMotorAndTorqueControl1	8	static
CM7/Core/Src/fdcan.c:693:6:CAN_GetMotorAndTorqueControl2	8	static
CM7/Core/Src/fdcan.c:700:6:CAN_GetMotorAndTorqueControl3	8	static
CM7/Core/Src/fdcan.c:707:6:CAN_GetMotorAndTorqueControl4	8	static
CM7/Core/Src/fdcan.c:714:6:CAN_GetEfficiencyAndPerformance	12	static
CM7/Core/Src/fdcan.c:721:6:CAN_GetEfficiencyAndPerformance2	8	static
CM7/Core/Src/fdcan.c:728:6:CAN_GetFaults	16	static
CM7/Core/Src/fdcan.c:735:6:CAN_GetWarnings	16	static
CM7/Core/Src/fdcan.c:742:6:CAN_GetPowertrain	8	static
CM7/Core/Src/fdcan.c:749:6:CAN_GetGearboxAndParkbrake	8	static
CM7/Core/Src/fdcan.c:756:6:CAN_GetVehicleState1	8	static
