CM7/Core/Src/fdcan.c:32:6:MX_FDCAN1_Init	48	static
CM7/Core/Src/fdcan.c:115:6:MX_FDCAN2_Init	8	static
CM7/Core/Src/fdcan.c:165:6:HAL_FDCAN_MspInit	56	static
CM7/Core/Src/fdcan.c:243:6:HAL_FDCAN_MspDeInit	8	static
CM7/Core/Src/fdcan.c:300:10:UnpackSignal_	16	static
CM7/Core/Src/fdcan.c:320:10:UnpackSignal	16	static
CM7/Core/Src/fdcan.c:331:6:CAN_Dispatcher	24	static
CM7/Core/Src/fdcan.c:576:6:CanRecv	72	static
CM7/Core/Src/fdcan.c:605:6:CAN_GetDriverInputAndVehicleControl	16	static
CM7/Core/Src/fdcan.c:612:6:CAN_GetDriverInputAndVehicleControl2	8	static
CM7/Core/Src/fdcan.c:619:6:CAN_GetPowertrainStatusAndReadiness	16	static
CM7/Core/Src/fdcan.c:626:6:CAN_GetElectricalSystemPowerAndEnergy	8	static
CM7/Core/Src/fdcan.c:633:6:CAN_GetElectricalSystemLvandsoc2	8	static
CM7/Core/Src/fdcan.c:640:6:CAN_GetMotorAndTorqueControl1	8	static
CM7/Core/Src/fdcan.c:647:6:CAN_GetMotorAndTorqueControl2	8	static
CM7/Core/Src/fdcan.c:654:6:CAN_GetMotorAndTorqueControl3	8	static
CM7/Core/Src/fdcan.c:661:6:CAN_GetMotorAndTorqueControl4	8	static
CM7/Core/Src/fdcan.c:668:6:CAN_GetEfficiencyAndPerformance	12	static
CM7/Core/Src/fdcan.c:675:6:CAN_GetEfficiencyAndPerformance2	8	static
CM7/Core/Src/fdcan.c:682:6:CAN_GetFaults	16	static
CM7/Core/Src/fdcan.c:689:6:CAN_GetWarnings	16	static
CM7/Core/Src/fdcan.c:696:6:CAN_GetPowertrain	8	static
CM7/Core/Src/fdcan.c:703:6:CAN_GetGearboxAndParkbrake	8	static
CM7/Core/Src/fdcan.c:710:6:CAN_GetVehicleState1	8	static
