CM7/TouchGFX/gui/include/gui/screen1_screen/Screen1Presenter.hpp:39:13:Screen1Presenter::~Screen1Presenter()	0	static
CM7/TouchGFX/gui/src/screen1_screen/Screen1Presenter.cpp:10:6:virtual void Screen1Presenter::activate()	0	static
CM7/TouchGFX/gui/include/gui/screen1_screen/Screen1Presenter.hpp:39:13:virtual Screen1Presenter::~Screen1Presenter()	8	static
CM7/TouchGFX/gui/src/screen1_screen/Screen1Presenter.cpp:22:6:virtual void Screen1Presenter::updateDriverControls(DriverInputAndVehicleControl_t)	32	static
CM7/TouchGFX/gui/src/screen1_screen/Screen1Presenter.cpp:27:6:virtual void Screen1Presenter::updateSteering(DriverInputAndVehicleControl2_t)	8	static
CM7/TouchGFX/gui/src/screen1_screen/Screen1Presenter.cpp:32:6:virtual void Screen1Presenter::updatePowertrainStatus(PowertrainStatusAndReadiness_t)	8	static
CM7/TouchGFX/gui/src/screen1_screen/Screen1Presenter.cpp:37:6:virtual void Screen1Presenter::updateMotorTorque1(Motor_And_Torque_Control_1_t)	8	static
CM7/TouchGFX/gui/src/screen1_screen/Screen1Presenter.cpp:41:6:virtual void Screen1Presenter::updateMotorTorque2(Motor_And_Torque_Control_2_t)	16	static
CM7/TouchGFX/gui/src/screen1_screen/Screen1Presenter.cpp:46:6:virtual void Screen1Presenter::updateEfficiency(Efficiency_Performance_1_t)	32	static
CM7/TouchGFX/gui/src/screen1_screen/Screen1Presenter.cpp:51:6:virtual void Screen1Presenter::updatePressHydLightPt(Press_Hydraulic_Light_PowerTrain_t)	48	static
CM7/TouchGFX/gui/src/screen1_screen/Screen1Presenter.cpp:55:6:virtual void Screen1Presenter::updateVehicleState(VehicleState1_t)	8	static
CM7/TouchGFX/gui/src/screen1_screen/Screen1Presenter.cpp:61:6:virtual void Screen1Presenter::updateAux(Auxiliary_States_LV_SOC_t)	24	static
CM7/TouchGFX/gui/include/gui/screen1_screen/Screen1Presenter.hpp:39:13:virtual void* Screen1Presenter::_ZThn4_N16Screen1PresenterD1Ev()	0	static
CM7/TouchGFX/gui/src/screen1_screen/Screen1Presenter.cpp:4:1:Screen1Presenter::Screen1Presenter(Screen1View&)	0	static
